// Jest Snapshot v1, https://goo.gl/fbAQLP

exports[`testing on GifhoApp should match snapshot 1`] = `
<Fragment>
  <div>
    <h2>
      Gifho!
    </h2>
    <small>
      lucnova
    </small>
    <hr />
  </div>
  <AddCategory
    setCategories={[Function]}
  />
  <div>
    <ol>
      <GifCategoryGrid
        categoryName="Pixel Art"
        key="Pixel Art"
      />
    </ol>
  </div>
</Fragment>
`;
