// Jest Snapshot v1, https://goo.gl/fbAQLP

exports[`Testing on LoginPage should display correctly 1`] = `
Array [
  <h1>
    Login Page
  </h1>,
  <hr />,
  <button
    className="btn btn-primary"
    onClick={[Function]}
  >
    Login
  </button>,
  <button
    className="btn btn-warning"
    onClick={[Function]}
  >
    Logout
  </button>,
]
`;
